ERROR: Could not run .

------------------------------------
Welcome to the Assignment Shell!
At any time, you can call "help" to read the documentation.

	>>> 	>>> Child (<0>) exited -- failure (Status: 0)

------------------------------------
Welcome to the Assignment Shell!
At any time, you can call "help" to read the documentation.

	>>> 	>>> 
